========================================
鏋勫缓椤圭洰
========================================
[1/4] Automatic MOC and UIC for target CodePracticeSystem
[2/3] Building CXX object CMakeFiles/CodePracticeSystem.dir/src/ui/SmartImportDialog.cpp.obj
[3/3] Linking CXX executable CodePracticeSystem.exe
-- Syncing data files...
--   Source: F:/Xodor/data
--   Target: F:/Xodor/build/data
--   [UPDATE] sample_questions
--   [SKIP] 鍘熷棰樺簱 (already exists)
--   [SKIP] 鍩虹棰樺簱 (already exists)
--   [SKIP] config.json (already exists)
-- Data sync completed.

========================================
鏋勫缓鎴愬姛锛?
========================================

鍙墽琛屾枃浠朵綅缃? build\CodePracticeSystem.exe
